[debug] > Exec(early(addDefaultCommands), None, None)
[debug] > Exec(addDefaultCommands, None, None)
[debug] > Exec(early(initialize), None, None)
[debug] > Exec(initialize, None, None)
[debug] > Exec(boot, None, None)
[debug] > Exec(writeSbtVersion, None, None)
[debug] > Exec(reload, None, None)
[debug] > Exec(sbtStashOnFailure, None, None)
[debug] > Exec(onFailure loadFailed, None, None)
[debug] > Exec(loadp, None, None)
[info] welcome to sbt 1.12.0 (Ubuntu Java 21.0.10)
[debug] Load.defaultLoad until apply took 95.299925ms
[debug]           Load.loadUnit: plugins took 35.650591ms
[debug]           Load.loadUnit: defsScala took 0.173607ms
[debug] [Loading] Scanning directory /home/preconys/Images/Captures d’écran/PROJECT_informatique_decisionnelle/ETL_Json/project
[debug] [Loading] Found non-root projects 
[debug] [Loading] Done in /home/preconys/Images/Captures d’écran/PROJECT_informatique_decisionnelle/ETL_Json/project, returning: ()
[debug] deducing auto plugins based on known facts Set(Atom(sbt.plugins.CorePlugin)) and clauses Clauses(Clause(Atom(sbt.plugins.JvmPlugin),Set(Atom(sbt.plugins.IvyPlugin)))
[debug] Clause(Atom(sbt.ScriptedPlugin),Set(Atom(sbt.plugins.JvmPlugin)))
[debug] Clause(Atom(sbt.plugins.SbtPlugin),Set(Atom(sbt.ScriptedPlugin)))
[debug] Clause(Atom(sbt.plugins.SemanticdbPlugin),Set(Atom(sbt.plugins.JvmPlugin)))
[debug] Clause(Atom(sbt.plugins.JUnitXmlReportPlugin),Set(Atom(sbt.plugins.JvmPlugin)))
[debug] Clause(Atom(sbt.plugins.MiniDependencyTreePlugin),Set(Atom(sbt.plugins.JvmPlugin)))
[debug] Clause(Atom(sbt.plugins.CorePlugin),Set(Atom(sbt.plugins.IvyPlugin)))
[debug] Clause(Atom(sbt.plugins.IvyPlugin),Set(Atom(sbt.plugins.JvmPlugin)))
[debug] Clause(Atom(sbt.plugins.JvmPlugin),Set(Atom(sbt.plugins.SemanticdbPlugin)))
[debug] Clause(Atom(sbt.plugins.JvmPlugin),Set(Atom(sbt.plugins.JUnitXmlReportPlugin)))
[debug] Clause(Atom(sbt.plugins.CorePlugin),Set(Atom(sbt.plugins.Giter8TemplatePlugin)))
[debug] Clause(Atom(sbt.plugins.JvmPlugin),Set(Atom(sbt.plugins.MiniDependencyTreePlugin))))
[debug]   :: deduced result: Matched(sbt.plugins.CorePlugin,sbt.plugins.Giter8TemplatePlugin,sbt.plugins.IvyPlugin,sbt.plugins.JvmPlugin,sbt.plugins.MiniDependencyTreePlugin,sbt.plugins.JUnitXmlReportPlugin,sbt.plugins.SemanticdbPlugin)
[debug] Plugins.deducer#function took 9.389155 ms
[debug]               Load.resolveProject(etl_json-build) took 22.990921ms
[debug]             Load.loadTransitive: finalizeProject(Project(id etl_json-build, base: /home/preconys/Images/Captures d’écran/PROJECT_informatique_decisionnelle/ETL_Json/project, plugins: List(<none>))) took 45.016878ms
[debug] [Loading] Done in /home/preconys/Images/Captures d’écran/PROJECT_informatique_decisionnelle/ETL_Json/project, returning: (etl_json-build)
[debug]           Load.loadUnit: loadedProjectsRaw took 56.507868ms
[debug]           Load.loadUnit: cleanEvalClasses took 0.101149ms
[debug]         Load.loadUnit(file:/home/preconys/Images/Captures%20d’écran/PROJECT_informatique_decisionnelle/ETL_Json/project/, ...) took 96.00412ms
[debug]       Load.apply: load took 276.405995ms
[debug]       Load.apply: resolveProjects took 3.619967ms
[debug]       Load.apply: finalTransforms took 55.83072ms
[debug]       Load.apply: config.delegates took 3.81327ms
[debug]       Load.apply: Def.make(settings)... took 294.879349ms
[debug]       Load.apply: structureIndex took 58.84665ms
[debug]       Load.apply: mkStreams took 0.943192ms
[info] loading project definition from /home/preconys/Images/Captures d’écran/PROJECT_informatique_decisionnelle/ETL_Json/project
[debug] Running task... Cancel: Signal, check cycles: false, forcegc: true
[debug]     Load.loadUnit: plugins took 1522.194469ms
[debug]     Load.loadUnit: defsScala took 0.006109ms
[debug] [Loading] Scanning directory /home/preconys/Images/Captures d’écran/PROJECT_informatique_decisionnelle/ETL_Json
[debug]       Load.loadUnit: mkEval took 5.133583ms
[debug] [Loading] Found non-root projects 
[debug] [Loading] Done in /home/preconys/Images/Captures d’écran/PROJECT_informatique_decisionnelle/ETL_Json, returning: ()
[debug] deducing auto plugins based on known facts Set(Atom(sbt.plugins.CorePlugin)) and clauses Clauses(Clause(Atom(sbt.plugins.JvmPlugin),Set(Atom(sbt.plugins.IvyPlugin)))
[debug] Clause(Atom(sbt.ScriptedPlugin),Set(Atom(sbt.plugins.JvmPlugin)))
[debug] Clause(Atom(sbt.plugins.SbtPlugin),Set(Atom(sbt.ScriptedPlugin)))
[debug] Clause(Atom(sbt.plugins.SemanticdbPlugin),Set(Atom(sbt.plugins.JvmPlugin)))
[debug] Clause(Atom(sbt.plugins.JUnitXmlReportPlugin),Set(Atom(sbt.plugins.JvmPlugin)))
[debug] Clause(Atom(sbt.plugins.MiniDependencyTreePlugin),Set(Atom(sbt.plugins.JvmPlugin)))
[debug] Clause(Atom(sbt.plugins.CorePlugin),Set(Atom(sbt.plugins.IvyPlugin)))
[debug] Clause(Atom(sbt.plugins.IvyPlugin),Set(Atom(sbt.plugins.JvmPlugin)))
[debug] Clause(Atom(sbt.plugins.JvmPlugin),Set(Atom(sbt.plugins.SemanticdbPlugin)))
[debug] Clause(Atom(sbt.plugins.JvmPlugin),Set(Atom(sbt.plugins.JUnitXmlReportPlugin)))
[debug] Clause(Atom(sbt.plugins.CorePlugin),Set(Atom(sbt.plugins.Giter8TemplatePlugin)))
[debug] Clause(Atom(sbt.plugins.JvmPlugin),Set(Atom(sbt.plugins.MiniDependencyTreePlugin))))
[debug]   :: deduced result: Matched(sbt.plugins.CorePlugin,sbt.plugins.Giter8TemplatePlugin,sbt.plugins.IvyPlugin,sbt.plugins.JvmPlugin,sbt.plugins.MiniDependencyTreePlugin,sbt.plugins.JUnitXmlReportPlugin,sbt.plugins.SemanticdbPlugin)
[debug] Plugins.deducer#function took 3.130948 ms
[info] loading settings for project etl_json from build.sbt...
[debug]         Load.resolveProject(etl_json) took 3.934253ms
[debug]       Load.loadTransitive: finalizeProject(Project(id etl_json, base: /home/preconys/Images/Captures d’écran/PROJECT_informatique_decisionnelle/ETL_Json, plugins: List(<none>))) took 8.012432ms
[debug] [Loading] Done in /home/preconys/Images/Captures d’écran/PROJECT_informatique_decisionnelle/ETL_Json, returning: (etl_json)
[debug]     Load.loadUnit: loadedProjectsRaw took 176.243947ms
[debug]     Load.loadUnit: cleanEvalClasses took 5.86657ms
[debug]   Load.loadUnit(file:/home/preconys/Images/Captures%20d’écran/PROJECT_informatique_decisionnelle/ETL_Json/, ...) took 1706.019775ms
[debug] Load.apply: load took 1726.995772ms
[debug] Load.apply: resolveProjects took 0.207318ms
[debug] Load.apply: finalTransforms took 24.564239ms
[debug] Load.apply: config.delegates took 0.54948ms
[debug] Load.apply: Def.make(settings)... took 104.371064ms
[debug] Load.apply: structureIndex took 33.074211ms
[debug] Load.apply: mkStreams took 0.004532ms
[info] set current project to SparkETL (in build file:/home/preconys/Images/Captures%20d’écran/PROJECT_informatique_decisionnelle/ETL_Json/)
[debug] Running task... Cancel: Signal, check cycles: false, forcegc: true
[debug] > Exec(sbtPopOnFailure, None, None)
[debug] > Exec(resumeFromFailure, None, None)
[debug] > Exec(notifyUsersAboutShell, None, None)
[debug] > Exec(iflast shell, None, None)
[debug] > Exec(runMain YelpETL src/Data src/output, None, None)
[debug] Evaluating tasks: Compile / runMain
[debug] Running task... Cancel: Signal, check cycles: false, forcegc: true
