[debug] > Exec(early(addDefaultCommands), None, None)
[debug] > Exec(addDefaultCommands, None, None)
[debug] > Exec(early(initialize), None, None)
[debug] > Exec(initialize, None, None)
[debug] > Exec(boot, None, None)
[debug] > Exec(writeSbtVersion, None, None)
[debug] > Exec(reload, None, None)
[debug] > Exec(sbtStashOnFailure, None, None)
[debug] > Exec(onFailure loadFailed, None, None)
[debug] > Exec(loadp, None, None)
[info] welcome to sbt 1.12.0 (Ubuntu Java 21.0.10)
[debug] Load.defaultLoad until apply took 50.596553ms
[debug]           Load.loadUnit: plugins took 23.72627ms
[debug]           Load.loadUnit: defsScala took 0.123104ms
[debug] [Loading] Scanning directory /home/preconys/Images/Captures d’écran/PROJECT_informatique_decisionnelle/ETL_Json/project
[debug] [Loading] Found non-root projects 
[debug] [Loading] Done in /home/preconys/Images/Captures d’écran/PROJECT_informatique_decisionnelle/ETL_Json/project, returning: ()
[debug] deducing auto plugins based on known facts Set(Atom(sbt.plugins.CorePlugin)) and clauses Clauses(Clause(Atom(sbt.plugins.JvmPlugin),Set(Atom(sbt.plugins.IvyPlugin)))
[debug] Clause(Atom(sbt.ScriptedPlugin),Set(Atom(sbt.plugins.JvmPlugin)))
[debug] Clause(Atom(sbt.plugins.SbtPlugin),Set(Atom(sbt.ScriptedPlugin)))
[debug] Clause(Atom(sbt.plugins.SemanticdbPlugin),Set(Atom(sbt.plugins.JvmPlugin)))
[debug] Clause(Atom(sbt.plugins.JUnitXmlReportPlugin),Set(Atom(sbt.plugins.JvmPlugin)))
[debug] Clause(Atom(sbt.plugins.MiniDependencyTreePlugin),Set(Atom(sbt.plugins.JvmPlugin)))
[debug] Clause(Atom(sbt.plugins.CorePlugin),Set(Atom(sbt.plugins.IvyPlugin)))
[debug] Clause(Atom(sbt.plugins.IvyPlugin),Set(Atom(sbt.plugins.JvmPlugin)))
[debug] Clause(Atom(sbt.plugins.JvmPlugin),Set(Atom(sbt.plugins.SemanticdbPlugin)))
[debug] Clause(Atom(sbt.plugins.JvmPlugin),Set(Atom(sbt.plugins.JUnitXmlReportPlugin)))
[debug] Clause(Atom(sbt.plugins.CorePlugin),Set(Atom(sbt.plugins.Giter8TemplatePlugin)))
[debug] Clause(Atom(sbt.plugins.JvmPlugin),Set(Atom(sbt.plugins.MiniDependencyTreePlugin))))
[debug]   :: deduced result: Matched(sbt.plugins.CorePlugin,sbt.plugins.Giter8TemplatePlugin,sbt.plugins.IvyPlugin,sbt.plugins.JvmPlugin,sbt.plugins.MiniDependencyTreePlugin,sbt.plugins.JUnitXmlReportPlugin,sbt.plugins.SemanticdbPlugin)
[debug] Plugins.deducer#function took 9.862937 ms
[debug]               Load.resolveProject(etl_json-build) took 20.54024ms
[debug]             Load.loadTransitive: finalizeProject(Project(id etl_json-build, base: /home/preconys/Images/Captures d’écran/PROJECT_informatique_decisionnelle/ETL_Json/project, plugins: List(<none>))) took 39.72759ms
[debug] [Loading] Done in /home/preconys/Images/Captures d’écran/PROJECT_informatique_decisionnelle/ETL_Json/project, returning: (etl_json-build)
[debug]           Load.loadUnit: loadedProjectsRaw took 48.51425ms
[debug]           Load.loadUnit: cleanEvalClasses took 0.102348ms
[debug]         Load.loadUnit(file:/home/preconys/Images/Captures%20d’écran/PROJECT_informatique_decisionnelle/ETL_Json/project/, ...) took 75.848767ms
[debug]       Load.apply: load took 158.329771ms
[debug]       Load.apply: resolveProjects took 2.690059ms
[debug]       Load.apply: finalTransforms took 39.692507ms
[debug]       Load.apply: config.delegates took 4.457537ms
[debug]       Load.apply: Def.make(settings)... took 209.791968ms
[debug]       Load.apply: structureIndex took 45.487847ms
[debug]       Load.apply: mkStreams took 0.760145ms
[info] loading project definition from /home/preconys/Images/Captures d’écran/PROJECT_informatique_decisionnelle/ETL_Json/project
[debug] Running task... Cancel: Signal, check cycles: false, forcegc: true
[debug]     Load.loadUnit: plugins took 1016.834029ms
[debug]     Load.loadUnit: defsScala took 0.00163ms
[debug] [Loading] Scanning directory /home/preconys/Images/Captures d’écran/PROJECT_informatique_decisionnelle/ETL_Json
[debug]       Load.loadUnit: mkEval took 2.187614ms
[debug] [Loading] Found non-root projects 
[debug] [Loading] Done in /home/preconys/Images/Captures d’écran/PROJECT_informatique_decisionnelle/ETL_Json, returning: ()
[debug] deducing auto plugins based on known facts Set(Atom(sbt.plugins.CorePlugin)) and clauses Clauses(Clause(Atom(sbt.plugins.JvmPlugin),Set(Atom(sbt.plugins.IvyPlugin)))
[debug] Clause(Atom(sbt.ScriptedPlugin),Set(Atom(sbt.plugins.JvmPlugin)))
[debug] Clause(Atom(sbt.plugins.SbtPlugin),Set(Atom(sbt.ScriptedPlugin)))
[debug] Clause(Atom(sbt.plugins.SemanticdbPlugin),Set(Atom(sbt.plugins.JvmPlugin)))
[debug] Clause(Atom(sbt.plugins.JUnitXmlReportPlugin),Set(Atom(sbt.plugins.JvmPlugin)))
[debug] Clause(Atom(sbt.plugins.MiniDependencyTreePlugin),Set(Atom(sbt.plugins.JvmPlugin)))
[debug] Clause(Atom(sbt.plugins.CorePlugin),Set(Atom(sbt.plugins.IvyPlugin)))
[debug] Clause(Atom(sbt.plugins.IvyPlugin),Set(Atom(sbt.plugins.JvmPlugin)))
[debug] Clause(Atom(sbt.plugins.JvmPlugin),Set(Atom(sbt.plugins.SemanticdbPlugin)))
[debug] Clause(Atom(sbt.plugins.JvmPlugin),Set(Atom(sbt.plugins.JUnitXmlReportPlugin)))
[debug] Clause(Atom(sbt.plugins.CorePlugin),Set(Atom(sbt.plugins.Giter8TemplatePlugin)))
[debug] Clause(Atom(sbt.plugins.JvmPlugin),Set(Atom(sbt.plugins.MiniDependencyTreePlugin))))
[debug]   :: deduced result: Matched(sbt.plugins.CorePlugin,sbt.plugins.Giter8TemplatePlugin,sbt.plugins.IvyPlugin,sbt.plugins.JvmPlugin,sbt.plugins.MiniDependencyTreePlugin,sbt.plugins.JUnitXmlReportPlugin,sbt.plugins.SemanticdbPlugin)
[debug] Plugins.deducer#function took 0.754328 ms
[info] loading settings for project etl_json from build.sbt...
[debug]         Load.resolveProject(etl_json) took 1.05812ms
[debug]       Load.loadTransitive: finalizeProject(Project(id etl_json, base: /home/preconys/Images/Captures d’écran/PROJECT_informatique_decisionnelle/ETL_Json, plugins: List(<none>))) took 2.086036ms
[debug] [Loading] Done in /home/preconys/Images/Captures d’écran/PROJECT_informatique_decisionnelle/ETL_Json, returning: (etl_json)
[debug]     Load.loadUnit: loadedProjectsRaw took 58.55639ms
[debug]     Load.loadUnit: cleanEvalClasses took 1.985563ms
[debug]   Load.loadUnit(file:/home/preconys/Images/Captures%20d’écran/PROJECT_informatique_decisionnelle/ETL_Json/, ...) took 1077.988651ms
[debug] Load.apply: load took 1086.64892ms
[debug] Load.apply: resolveProjects took 0.05508ms
[debug] Load.apply: finalTransforms took 9.398572ms
[debug] Load.apply: config.delegates took 0.194435ms
[debug] Load.apply: Def.make(settings)... took 71.845841ms
[debug] Load.apply: structureIndex took 16.278374ms
[debug] Load.apply: mkStreams took 0.002785ms
[info] set current project to SparkETL (in build file:/home/preconys/Images/Captures%20d’écran/PROJECT_informatique_decisionnelle/ETL_Json/)
[debug] Running task... Cancel: Signal, check cycles: false, forcegc: true
[debug] > Exec(sbtPopOnFailure, None, None)
[debug] > Exec(resumeFromFailure, None, None)
[debug] > Exec(notifyUsersAboutShell, None, None)
[debug] > Exec(iflast shell, None, None)
[debug] > Exec(runMain YelpETL src/Data src/output, None, None)
[debug] Evaluating tasks: Compile / runMain
[debug] Running task... Cancel: Signal, check cycles: false, forcegc: true
