[debug] > Exec(early(addDefaultCommands), None, None)
[debug] > Exec(addDefaultCommands, None, None)
[debug] > Exec(early(initialize), None, None)
[debug] > Exec(initialize, None, None)
[debug] > Exec(boot, None, None)
[debug] > Exec(writeSbtVersion, None, None)
[debug] > Exec(reload, None, None)
[debug] > Exec(sbtStashOnFailure, None, None)
[debug] > Exec(onFailure loadFailed, None, None)
[debug] > Exec(loadp, None, None)
[info] welcome to sbt 1.12.0 (Ubuntu Java 21.0.10)
[debug] Load.defaultLoad until apply took 62.575687ms
[debug]           Load.loadUnit: plugins took 64.509556ms
[debug]           Load.loadUnit: defsScala took 0.341271ms
[debug] [Loading] Scanning directory /home/preconys/Images/Captures d’écran/PROJECT_informatique_decisionnelle/ETL_Json/project
[debug] [Loading] Found non-root projects 
[debug] [Loading] Done in /home/preconys/Images/Captures d’écran/PROJECT_informatique_decisionnelle/ETL_Json/project, returning: ()
[debug] deducing auto plugins based on known facts Set(Atom(sbt.plugins.CorePlugin)) and clauses Clauses(Clause(Atom(sbt.plugins.JvmPlugin),Set(Atom(sbt.plugins.IvyPlugin)))
[debug] Clause(Atom(sbt.ScriptedPlugin),Set(Atom(sbt.plugins.JvmPlugin)))
[debug] Clause(Atom(sbt.plugins.SbtPlugin),Set(Atom(sbt.ScriptedPlugin)))
[debug] Clause(Atom(sbt.plugins.SemanticdbPlugin),Set(Atom(sbt.plugins.JvmPlugin)))
[debug] Clause(Atom(sbt.plugins.JUnitXmlReportPlugin),Set(Atom(sbt.plugins.JvmPlugin)))
[debug] Clause(Atom(sbt.plugins.MiniDependencyTreePlugin),Set(Atom(sbt.plugins.JvmPlugin)))
[debug] Clause(Atom(sbt.plugins.CorePlugin),Set(Atom(sbt.plugins.IvyPlugin)))
[debug] Clause(Atom(sbt.plugins.IvyPlugin),Set(Atom(sbt.plugins.JvmPlugin)))
[debug] Clause(Atom(sbt.plugins.JvmPlugin),Set(Atom(sbt.plugins.SemanticdbPlugin)))
[debug] Clause(Atom(sbt.plugins.JvmPlugin),Set(Atom(sbt.plugins.JUnitXmlReportPlugin)))
[debug] Clause(Atom(sbt.plugins.CorePlugin),Set(Atom(sbt.plugins.Giter8TemplatePlugin)))
[debug] Clause(Atom(sbt.plugins.JvmPlugin),Set(Atom(sbt.plugins.MiniDependencyTreePlugin))))
[debug]   :: deduced result: Matched(sbt.plugins.CorePlugin,sbt.plugins.Giter8TemplatePlugin,sbt.plugins.IvyPlugin,sbt.plugins.JvmPlugin,sbt.plugins.MiniDependencyTreePlugin,sbt.plugins.JUnitXmlReportPlugin,sbt.plugins.SemanticdbPlugin)
[debug] Plugins.deducer#function took 21.259542 ms
[debug]               Load.resolveProject(etl_json-build) took 51.762048ms
[debug]             Load.loadTransitive: finalizeProject(Project(id etl_json-build, base: /home/preconys/Images/Captures d’écran/PROJECT_informatique_decisionnelle/ETL_Json/project, plugins: List(<none>))) took 96.817973ms
[debug] [Loading] Done in /home/preconys/Images/Captures d’écran/PROJECT_informatique_decisionnelle/ETL_Json/project, returning: (etl_json-build)
[debug]           Load.loadUnit: loadedProjectsRaw took 122.861012ms
[debug]           Load.loadUnit: cleanEvalClasses took 0.271225ms
[debug]         Load.loadUnit(file:/home/preconys/Images/Captures%20d’écran/PROJECT_informatique_decisionnelle/ETL_Json/project/, ...) took 195.837933ms
[debug]       Load.apply: load took 399.785385ms
[debug]       Load.apply: resolveProjects took 8.731637ms
[debug]       Load.apply: finalTransforms took 104.113443ms
[debug]       Load.apply: config.delegates took 8.1374ms
[debug]       Load.apply: Def.make(settings)... took 344.452382ms
[debug]       Load.apply: structureIndex took 63.5456ms
[debug]       Load.apply: mkStreams took 1.758577ms
[info] loading project definition from /home/preconys/Images/Captures d’écran/PROJECT_informatique_decisionnelle/ETL_Json/project
[debug] Running task... Cancel: Signal, check cycles: false, forcegc: true
[debug]     Load.loadUnit: plugins took 1588.25034ms
[debug]     Load.loadUnit: defsScala took 0.006153ms
[debug] [Loading] Scanning directory /home/preconys/Images/Captures d’écran/PROJECT_informatique_decisionnelle/ETL_Json
[debug]       Load.loadUnit: mkEval took 6.914526ms
[debug] [Loading] Found non-root projects 
[debug] [Loading] Done in /home/preconys/Images/Captures d’écran/PROJECT_informatique_decisionnelle/ETL_Json, returning: ()
[debug] deducing auto plugins based on known facts Set(Atom(sbt.plugins.CorePlugin)) and clauses Clauses(Clause(Atom(sbt.plugins.JvmPlugin),Set(Atom(sbt.plugins.IvyPlugin)))
[debug] Clause(Atom(sbt.ScriptedPlugin),Set(Atom(sbt.plugins.JvmPlugin)))
[debug] Clause(Atom(sbt.plugins.SbtPlugin),Set(Atom(sbt.ScriptedPlugin)))
[debug] Clause(Atom(sbt.plugins.SemanticdbPlugin),Set(Atom(sbt.plugins.JvmPlugin)))
[debug] Clause(Atom(sbt.plugins.JUnitXmlReportPlugin),Set(Atom(sbt.plugins.JvmPlugin)))
[debug] Clause(Atom(sbt.plugins.MiniDependencyTreePlugin),Set(Atom(sbt.plugins.JvmPlugin)))
[debug] Clause(Atom(sbt.plugins.CorePlugin),Set(Atom(sbt.plugins.IvyPlugin)))
[debug] Clause(Atom(sbt.plugins.IvyPlugin),Set(Atom(sbt.plugins.JvmPlugin)))
[debug] Clause(Atom(sbt.plugins.JvmPlugin),Set(Atom(sbt.plugins.SemanticdbPlugin)))
[debug] Clause(Atom(sbt.plugins.JvmPlugin),Set(Atom(sbt.plugins.JUnitXmlReportPlugin)))
[debug] Clause(Atom(sbt.plugins.CorePlugin),Set(Atom(sbt.plugins.Giter8TemplatePlugin)))
[debug] Clause(Atom(sbt.plugins.JvmPlugin),Set(Atom(sbt.plugins.MiniDependencyTreePlugin))))
[debug]   :: deduced result: Matched(sbt.plugins.CorePlugin,sbt.plugins.Giter8TemplatePlugin,sbt.plugins.IvyPlugin,sbt.plugins.JvmPlugin,sbt.plugins.MiniDependencyTreePlugin,sbt.plugins.JUnitXmlReportPlugin,sbt.plugins.SemanticdbPlugin)
[debug] Plugins.deducer#function took 3.307234 ms
[info] loading settings for project etl_json from build.sbt...
[debug]         Load.resolveProject(etl_json) took 3.417213ms
[debug]       Load.loadTransitive: finalizeProject(Project(id etl_json, base: /home/preconys/Images/Captures d’écran/PROJECT_informatique_decisionnelle/ETL_Json, plugins: List(<none>))) took 7.810689ms
[debug] [Loading] Done in /home/preconys/Images/Captures d’écran/PROJECT_informatique_decisionnelle/ETL_Json, returning: (etl_json)
[debug]     Load.loadUnit: loadedProjectsRaw took 197.21345ms
[debug]     Load.loadUnit: cleanEvalClasses took 5.780345ms
[debug]   Load.loadUnit(file:/home/preconys/Images/Captures%20d’écran/PROJECT_informatique_decisionnelle/ETL_Json/, ...) took 1793.081797ms
[debug] Load.apply: load took 1819.567153ms
[debug] Load.apply: resolveProjects took 0.175742ms
[debug] Load.apply: finalTransforms took 27.637477ms
[debug] Load.apply: config.delegates took 0.610176ms
[debug] Load.apply: Def.make(settings)... took 75.370768ms
[debug] Load.apply: structureIndex took 20.634454ms
[debug] Load.apply: mkStreams took 0.003563ms
[info] set current project to SparkETL (in build file:/home/preconys/Images/Captures%20d’écran/PROJECT_informatique_decisionnelle/ETL_Json/)
[debug] Running task... Cancel: Signal, check cycles: false, forcegc: true
[debug] > Exec(sbtPopOnFailure, None, None)
[debug] > Exec(resumeFromFailure, None, None)
[debug] > Exec(notifyUsersAboutShell, None, None)
[debug] > Exec(iflast shell, None, None)
[debug] > Exec(runMain YelpETL, None, None)
[debug] Evaluating tasks: Compile / runMain
[debug] Running task... Cancel: Signal, check cycles: false, forcegc: true
