[debug] > Exec(early(addDefaultCommands), None, None)
[debug] > Exec(addDefaultCommands, None, None)
[debug] > Exec(early(initialize), None, None)
[debug] > Exec(initialize, None, None)
[debug] > Exec(boot, None, None)
[debug] > Exec(writeSbtVersion, None, None)
[debug] > Exec(reload, None, None)
[debug] > Exec(sbtStashOnFailure, None, None)
[debug] > Exec(onFailure loadFailed, None, None)
[debug] > Exec(loadp, None, None)
[info] welcome to sbt 1.12.0 (Ubuntu Java 21.0.10)
[debug] Load.defaultLoad until apply took 132.112039ms
[debug]           Load.loadUnit: plugins took 125.346428ms
[debug]           Load.loadUnit: defsScala took 0.629947ms
[debug] [Loading] Scanning directory /home/preconys/Images/Captures d’écran/PROJECT_informatique_decisionnelle/ETL_Json/project
[debug] [Loading] Found non-root projects 
[debug] [Loading] Done in /home/preconys/Images/Captures d’écran/PROJECT_informatique_decisionnelle/ETL_Json/project, returning: ()
[debug] deducing auto plugins based on known facts Set(Atom(sbt.plugins.CorePlugin)) and clauses Clauses(Clause(Atom(sbt.plugins.JvmPlugin),Set(Atom(sbt.plugins.IvyPlugin)))
[debug] Clause(Atom(sbt.ScriptedPlugin),Set(Atom(sbt.plugins.JvmPlugin)))
[debug] Clause(Atom(sbt.plugins.SbtPlugin),Set(Atom(sbt.ScriptedPlugin)))
[debug] Clause(Atom(sbt.plugins.SemanticdbPlugin),Set(Atom(sbt.plugins.JvmPlugin)))
[debug] Clause(Atom(sbt.plugins.JUnitXmlReportPlugin),Set(Atom(sbt.plugins.JvmPlugin)))
[debug] Clause(Atom(sbt.plugins.MiniDependencyTreePlugin),Set(Atom(sbt.plugins.JvmPlugin)))
[debug] Clause(Atom(sbt.plugins.CorePlugin),Set(Atom(sbt.plugins.IvyPlugin)))
[debug] Clause(Atom(sbt.plugins.IvyPlugin),Set(Atom(sbt.plugins.JvmPlugin)))
[debug] Clause(Atom(sbt.plugins.JvmPlugin),Set(Atom(sbt.plugins.SemanticdbPlugin)))
[debug] Clause(Atom(sbt.plugins.JvmPlugin),Set(Atom(sbt.plugins.JUnitXmlReportPlugin)))
[debug] Clause(Atom(sbt.plugins.CorePlugin),Set(Atom(sbt.plugins.Giter8TemplatePlugin)))
[debug] Clause(Atom(sbt.plugins.JvmPlugin),Set(Atom(sbt.plugins.MiniDependencyTreePlugin))))
[debug]   :: deduced result: Matched(sbt.plugins.CorePlugin,sbt.plugins.Giter8TemplatePlugin,sbt.plugins.IvyPlugin,sbt.plugins.JvmPlugin,sbt.plugins.MiniDependencyTreePlugin,sbt.plugins.JUnitXmlReportPlugin,sbt.plugins.SemanticdbPlugin)
[debug] Plugins.deducer#function took 32.688694 ms
[debug]               Load.resolveProject(etl_json-build) took 72.359393ms
[debug]             Load.loadTransitive: finalizeProject(Project(id etl_json-build, base: /home/preconys/Images/Captures d’écran/PROJECT_informatique_decisionnelle/ETL_Json/project, plugins: List(<none>))) took 143.88199ms
[debug] [Loading] Done in /home/preconys/Images/Captures d’écran/PROJECT_informatique_decisionnelle/ETL_Json/project, returning: (etl_json-build)
[debug]           Load.loadUnit: loadedProjectsRaw took 182.164604ms
[debug]           Load.loadUnit: cleanEvalClasses took 0.222892ms
[debug]         Load.loadUnit(file:/home/preconys/Images/Captures%20d’écran/PROJECT_informatique_decisionnelle/ETL_Json/project/, ...) took 318.715027ms
[debug]       Load.apply: load took 591.708933ms
[debug]       Load.apply: resolveProjects took 11.641754ms
[debug]       Load.apply: finalTransforms took 150.550862ms
[debug]       Load.apply: config.delegates took 11.928472ms
[debug]       Load.apply: Def.make(settings)... took 608.997744ms
[debug]       Load.apply: structureIndex took 98.926087ms
[debug]       Load.apply: mkStreams took 1.642563ms
[info] loading project definition from /home/preconys/Images/Captures d’écran/PROJECT_informatique_decisionnelle/ETL_Json/project
[debug] Running task... Cancel: Signal, check cycles: false, forcegc: true
[debug]     Load.loadUnit: plugins took 7273.22978ms
[debug]     Load.loadUnit: defsScala took 0.009231ms
[debug] [Loading] Scanning directory /home/preconys/Images/Captures d’écran/PROJECT_informatique_decisionnelle/ETL_Json
[debug]       Load.loadUnit: mkEval took 9.124598ms
[debug] [Loading] Found non-root projects 
[debug] [Loading] Done in /home/preconys/Images/Captures d’écran/PROJECT_informatique_decisionnelle/ETL_Json, returning: ()
[debug] deducing auto plugins based on known facts Set(Atom(sbt.plugins.CorePlugin)) and clauses Clauses(Clause(Atom(sbt.plugins.JvmPlugin),Set(Atom(sbt.plugins.IvyPlugin)))
[debug] Clause(Atom(sbt.ScriptedPlugin),Set(Atom(sbt.plugins.JvmPlugin)))
[debug] Clause(Atom(sbt.plugins.SbtPlugin),Set(Atom(sbt.ScriptedPlugin)))
[debug] Clause(Atom(sbt.plugins.SemanticdbPlugin),Set(Atom(sbt.plugins.JvmPlugin)))
[debug] Clause(Atom(sbt.plugins.JUnitXmlReportPlugin),Set(Atom(sbt.plugins.JvmPlugin)))
[debug] Clause(Atom(sbt.plugins.MiniDependencyTreePlugin),Set(Atom(sbt.plugins.JvmPlugin)))
[debug] Clause(Atom(sbt.plugins.CorePlugin),Set(Atom(sbt.plugins.IvyPlugin)))
[debug] Clause(Atom(sbt.plugins.IvyPlugin),Set(Atom(sbt.plugins.JvmPlugin)))
[debug] Clause(Atom(sbt.plugins.JvmPlugin),Set(Atom(sbt.plugins.SemanticdbPlugin)))
[debug] Clause(Atom(sbt.plugins.JvmPlugin),Set(Atom(sbt.plugins.JUnitXmlReportPlugin)))
[debug] Clause(Atom(sbt.plugins.CorePlugin),Set(Atom(sbt.plugins.Giter8TemplatePlugin)))
[debug] Clause(Atom(sbt.plugins.JvmPlugin),Set(Atom(sbt.plugins.MiniDependencyTreePlugin))))
[debug]   :: deduced result: Matched(sbt.plugins.CorePlugin,sbt.plugins.Giter8TemplatePlugin,sbt.plugins.IvyPlugin,sbt.plugins.JvmPlugin,sbt.plugins.MiniDependencyTreePlugin,sbt.plugins.JUnitXmlReportPlugin,sbt.plugins.SemanticdbPlugin)
[debug] Plugins.deducer#function took 1.696102 ms
[info] loading settings for project etl_json from build.sbt...
[debug]         Load.resolveProject(etl_json) took 2.704758ms
[debug]       Load.loadTransitive: finalizeProject(Project(id etl_json, base: /home/preconys/Images/Captures d’écran/PROJECT_informatique_decisionnelle/ETL_Json, plugins: List(<none>))) took 5.063451ms
[debug] [Loading] Done in /home/preconys/Images/Captures d’écran/PROJECT_informatique_decisionnelle/ETL_Json, returning: (etl_json)
[debug]     Load.loadUnit: loadedProjectsRaw took 4312.037366ms
[debug]     Load.loadUnit: cleanEvalClasses took 9.691469ms
[debug]   Load.loadUnit(file:/home/preconys/Images/Captures%20d’écran/PROJECT_informatique_decisionnelle/ETL_Json/, ...) took 11597.309687ms
[debug] Load.apply: load took 11618.643291ms
[debug] Load.apply: resolveProjects took 0.237979ms
[debug] Load.apply: finalTransforms took 24.276135ms
[debug] Load.apply: config.delegates took 0.40149ms
[debug] Load.apply: Def.make(settings)... took 144.425889ms
[debug] Load.apply: structureIndex took 31.890776ms
[debug] Load.apply: mkStreams took 0.003738ms
[info] set current project to SparkETL (in build file:/home/preconys/Images/Captures%20d’écran/PROJECT_informatique_decisionnelle/ETL_Json/)
[debug] Running task... Cancel: Signal, check cycles: false, forcegc: true
[debug] > Exec(sbtPopOnFailure, None, None)
[debug] > Exec(resumeFromFailure, None, None)
[debug] > Exec(notifyUsersAboutShell, None, None)
[debug] > Exec(iflast shell, None, None)
[debug] > Exec(run, None, None)
[debug] Evaluating tasks: Compile / run
[debug] Running task... Cancel: Signal, check cycles: false, forcegc: true
[info] compiling 7 Scala sources to /home/preconys/Images/Captures d’écran/PROJECT_informatique_decisionnelle/ETL_Json/target/scala-2.12/classes ...
[info] Non-compiled module 'compiler-bridge_2.12' for Scala 2.12.18. Compiling...
[info]   Compilation completed in 12.649s.
[info] done compiling
